
> binG0@0.1.0 build C:\Users\ceclabs\Downloads\binG
> next build

▲ Next.js 16.1.6 (Turbopack)
- Environments: .env
- Experiments (use with caution):
  ✓ optimizeCss
  · optimizePackageImports

  Creating an optimized production build ...


Source path: ./app/globals.css
Setting up new context...
Finding changed files: 111.578ms
Source path: ./node_modules/@xyflow/react/dist/style.css
JIT TOTAL: 145.395ms


Reading changed files: 1.028s
Sorting candidates: 48.711ms
Generate rules: 700.509ms
Build stylesheet: 8.235ms
Potential classes:  [33m46683[39m
Active contexts:  [33m1[39m
JIT TOTAL: 2.252s


Source path: ./node_modules/@xterm/xterm/css/xterm.css
Source path: ./styles/responsive.css
JIT TOTAL: 2.159ms
JIT TOTAL: 3.502ms
 ELIFECYCLE  Command failed with exit code 1.
