../packages/shared/agent/orchestration-mode-handler.ts(72,3): error TS2300: Duplicate identifier 'maxIterations'.
../packages/shared/agent/orchestration-mode-handler.ts(80,3): error TS2300: Duplicate identifier 'maxIterations'.
../packages/shared/agent/orchestration-mode-handler.ts(240,11): error TS2322: Type 'number' is not assignable to type 'any[]'.
../packages/shared/agent/orchestration-mode-handler.ts(305,28): error TS2339: Property 'cancelAgent' does not exist on type 'AgentKernel'.
../packages/shared/agent/orchestration-mode-handler.ts(346,11): error TS2322: Type 'number' is not assignable to type 'any[]'.
../packages/shared/agent/orchestration-mode-handler.ts(370,11): error TS2353: Object literal may only specify known properties, and 'label' does not exist in type 'Omit<ExecutionNode, "status" | "maxRetries" | "retryCount">'.
../packages/shared/agent/orchestration-mode-handler.ts(377,11): error TS2353: Object literal may only specify known properties, and 'label' does not exist in type 'Omit<ExecutionNode, "status" | "maxRetries" | "retryCount">'.
../packages/shared/agent/orchestration-mode-handler.ts(384,11): error TS2353: Object literal may only specify known properties, and 'label' does not exist in type 'Omit<ExecutionNode, "status" | "maxRetries" | "retryCount">'.
../packages/shared/agent/orchestration-mode-handler.ts(452,32): error TS2339: Property 'status' does not exist on type '{ total: number; completed: number; failed: number; running: number; pending: number; percent: number; }'.
../packages/shared/agent/orchestration-mode-handler.ts(469,61): error TS2304: Cannot find name 'graphProvider'.
../packages/shared/agent/orchestration-mode-handler.ts(476,22): error TS2304: Cannot find name 'graphModel'.
../packages/shared/agent/orchestration-mode-handler.ts(477,25): error TS2304: Cannot find name 'graphProvider'.
../packages/shared/agent/orchestration-mode-handler.ts(513,35): error TS2339: Property 'success' does not exist on type 'NullclawTask'.
../packages/shared/agent/orchestration-mode-handler.ts(514,36): error TS2339: Property 'output' does not exist on type 'NullclawTask'.
../packages/shared/agent/orchestration-mode-handler.ts(636,50): error TS2339: Property 'response' does not exist on type 'V2ExecutionResult'.
../packages/shared/agent/orchestration-mode-handler.ts(637,33): error TS2339: Property 'steps' does not exist on type 'unknown'.
../packages/shared/agent/orchestration-mode-handler.ts(638,33): error TS2339: Property 'error' does not exist on type 'unknown'.
../packages/shared/agent/prompt-parameters.codec.ts(248,37): error TS2353: Object literal may only specify known properties, and 'name' does not exist in type 'PromptParameters'.
../packages/shared/agent/task-router.ts(328,41): error TS2339: Property 'timeoutMs' does not exist on type 'ExecutionPolicy'.
../packages/shared/agent/task-router.ts(356,26): error TS2339: Property 'cancelAgent' does not exist on type 'AgentKernel'.
../packages/shared/agent/v2-executor.ts(264,50): error TS2339: Property 'content' does not exist on type 'OpenCodeDirectResult'.
../packages/shared/agent/v2-executor.ts(311,5): error TS2322: Type 'unknown' is not assignable to type 'boolean'.
../packages/shared/FS/fs-bridge.ts(379,35): error TS2339: Property 'isWatchingEnabled' does not exist on type 'IFileSystem'.
../packages/shared/FS/fs-bridge.ts(380,22): error TS2339: Property 'isWatchingEnabled' does not exist on type 'IFileSystem'.
../packages/shared/FS/workspace-manager.ts(76,40): error TS2304: Cannot find name 'DesktopFileChangeHandler'.
../packages/shared/FS/workspace-manager.ts(148,26): error TS2304: Cannot find name 'DesktopFileChangeEvent'.
../packages/shared/FS/workspace-manager.ts(176,25): error TS2304: Cannot find name 'DesktopFileChangeHandler'.
../packages/shared/FS/workspace-manager.ts(191,30): error TS2304: Cannot find name 'DesktopFileChangeEvent'.
../packages/shared/FS/workspace-manager.ts(192,22): error TS2304: Cannot find name 'DesktopFileChangeEvent'.
app/api/agent/v2/cloud/[agentId]/route.ts(9,35): error TS2307: Cannot find module '../../../../../packages/shared/agent/cloud-agent-offload' or its corresponding type declarations.
app/api/chat-with-context/route.ts(7,31): error TS2307: Cannot find module '../../../infra/config/config/features' or its corresponding type declarations.
app/api/chat/route.ts(551,7): error TS2322: Type '"standard" | "minimal" | "brief" | "detailed" | "comprehensive" | "exhaustive"' is not assignable to type 'ResponseDepth'.
app/api/chat/route.ts(552,7): error TS2322: Type '"layperson" | "informed" | "practitioner" | "expert" | "world-class"' is not assignable to type 'ExpertiseLevel'.
app/api/chat/route.ts(553,7): error TS2322: Type '"direct" | "structured" | "analytical" | "deliberative" | "dialectical" | "socratic"' is not assignable to type 'ReasoningMode'.
app/api/chat/route.ts(554,7): error TS2322: Type '"professional" | "casual" | "formal" | "conversational" | "authoritative" | "tentative"' is not assignable to type 'Tone'.
app/api/chat/route.ts(555,7): error TS2322: Type '"creative" | "strictly-factual" | "evidence-based" | "balanced" | "exploratory"' is not assignable to type 'CreativityLevel'.
app/api/chat/route.ts(556,7): error TS2322: Type '"none" | "key-claims" | "all-claims" | "academic"' is not assignable to type 'CitationStrictness'.
app/api/chat/route.ts(557,7): error TS2322: Type '"outline" | "mixed" | "json" | "prose" | "bulleted" | "tabular"' is not assignable to type 'OutputFormat'.
app/api/chat/route.ts(558,7): error TS2322: Type '"none" | "light" | "thorough" | "iterative"' is not assignable to type 'SelfCorrection'.
app/api/chat/route.ts(737,9): error TS2322: Type '"standard" | "minimal" | "brief" | "detailed" | "comprehensive" | "exhaustive"' is not assignable to type 'ResponseDepth'.
app/api/chat/route.ts(738,9): error TS2322: Type '"layperson" | "informed" | "practitioner" | "expert" | "world-class"' is not assignable to type 'ExpertiseLevel'.
app/api/chat/route.ts(739,9): error TS2322: Type '"direct" | "structured" | "analytical" | "deliberative" | "dialectical" | "socratic"' is not assignable to type 'ReasoningMode'.
app/api/chat/route.ts(740,9): error TS2322: Type '"professional" | "casual" | "formal" | "conversational" | "authoritative" | "tentative"' is not assignable to type 'Tone'.
app/api/chat/route.ts(741,9): error TS2322: Type '"creative" | "strictly-factual" | "evidence-based" | "balanced" | "exploratory"' is not assignable to type 'CreativityLevel'.
app/api/chat/route.ts(742,9): error TS2322: Type '"none" | "key-claims" | "all-claims" | "academic"' is not assignable to type 'CitationStrictness'.
app/api/chat/route.ts(743,9): error TS2322: Type '"outline" | "mixed" | "json" | "prose" | "bulleted" | "tabular"' is not assignable to type 'OutputFormat'.
app/api/chat/route.ts(744,9): error TS2322: Type '"none" | "light" | "thorough" | "iterative"' is not assignable to type 'SelfCorrection'.
app/api/gateway/git/[sessionId]/rollback/route.ts(133,9): error TS2322: Type '{ success: boolean; filesRestored: number; error: string; details?: undefined; } | { success: boolean; filesRestored: number; error: string; details: { commitId: string; commitMessage: string; commitDate: string; restoredFiles: number; deletedFiles: number; partialRollback?: undefined; requestedFiles?: undefined; };...' is not assignable to type '{ success: boolean; filesRestored: number; error?: string; details?: any; }'.
app/api/integrations/execute/route.ts(186,43): error TS2345: Argument of type '(action: string, params: Record<string, unknown>, context: HandlerContext) => Promise<{ success: boolean; error: string; requiresAuth: boolean; provider: string; suggestion: string; data?: undefined; metadata?: undefined; } | ... 7 more ... | { ...; }>' is not assignable to parameter of type 'ActionHandler'.
app/api/integrations/execute/route.ts(194,16): error TS2554: Expected 3-4 arguments, but got 2.
app/api/integrations/execute/route.ts(197,16): error TS2554: Expected 3-4 arguments, but got 2.
app/api/integrations/execute/route.ts(200,16): error TS2554: Expected 3-4 arguments, but got 2.
app/api/integrations/execute/route.ts(203,16): error TS2554: Expected 3-4 arguments, but got 2.
app/api/integrations/execute/route.ts(206,16): error TS2554: Expected 3-4 arguments, but got 2.
app/api/integrations/execute/route.ts(211,16): error TS2554: Expected 3-4 arguments, but got 2.
app/api/integrations/execute/route.ts(215,16): error TS2554: Expected 3-4 arguments, but got 2.
app/api/integrations/execute/route.ts(219,16): error TS2554: Expected 3-4 arguments, but got 2.
app/api/integrations/execute/route.ts(222,16): error TS2554: Expected 3-4 arguments, but got 2.
app/api/integrations/execute/route.ts(226,16): error TS2554: Expected 3-4 arguments, but got 2.
app/api/integrations/execute/route.ts(229,16): error TS2554: Expected 3-4 arguments, but got 2.
app/api/integrations/execute/route.ts(232,16): error TS2554: Expected 3-4 arguments, but got 2.
app/api/integrations/execute/route.ts(235,16): error TS2554: Expected 3-4 arguments, but got 2.
app/api/integrations/execute/route.ts(238,16): error TS2554: Expected 3-4 arguments, but got 2.
app/api/integrations/execute/route.ts(243,16): error TS2554: Expected 3-4 arguments, but got 2.
app/api/integrations/execute/route.ts(246,16): error TS2554: Expected 3-4 arguments, but got 2.
app/api/integrations/execute/route.ts(249,16): error TS2554: Expected 3-4 arguments, but got 2.
app/api/integrations/execute/route.ts(252,16): error TS2554: Expected 3-4 arguments, but got 2.
app/api/integrations/execute/route.ts(255,16): error TS2554: Expected 3-4 arguments, but got 2.
app/api/integrations/execute/route.ts(258,16): error TS2554: Expected 3-4 arguments, but got 2.
app/api/integrations/execute/route.ts(261,16): error TS2554: Expected 3-4 arguments, but got 2.
app/api/integrations/execute/route.ts(264,16): error TS2554: Expected 3-4 arguments, but got 2.
app/api/integrations/execute/route.ts(267,16): error TS2554: Expected 3-4 arguments, but got 2.
app/api/integrations/execute/route.ts(270,16): error TS2554: Expected 3-4 arguments, but got 2.
app/api/integrations/execute/route.ts(273,16): error TS2554: Expected 3-4 arguments, but got 2.
app/api/integrations/execute/route.ts(340,10): error TS2393: Duplicate function implementation.
app/api/integrations/execute/route.ts(353,10): error TS2393: Duplicate function implementation.
app/api/integrations/execute/route.ts(362,10): error TS2393: Duplicate function implementation.
app/api/integrations/execute/route.ts(400,10): error TS2393: Duplicate function implementation.
app/api/integrations/execute/route.ts(413,10): error TS2393: Duplicate function implementation.
app/api/integrations/execute/route.ts(422,10): error TS2393: Duplicate function implementation.
app/api/integrations/execute/route.ts(456,9): error TS2353: Object literal may only specify known properties, and 'suggestion' does not exist in type '{ success: boolean; data?: { output: string; exitCode: number; }; error?: string; }'.
app/api/integrations/execute/route.ts(470,49): error TS2339: Property 'stdout' does not exist on type 'ToolResult'.
app/api/integrations/execute/route.ts(471,39): error TS2339: Property 'stderr' does not exist on type 'ToolResult'.
app/api/mcp/route.ts(86,26): error TS2339: Property 'success' does not exist on type 'unknown'.
app/api/orchestration/agents/[id]/[action]/route.ts(11,64): error TS2307: Cannot find module '@/lib/orchestration/agent-orchestrator' or its corresponding type declarations.
app/api/orchestration/agents/route.ts(28,8): error TS2307: Cannot find module '@/lib/orchestration/agent-orchestrator' or its corresponding type declarations.
app/api/orchestration/agents/route.ts(29,10): error TS2305: Module '"@/lib/orchestra/stateful-agent"' has no exported member 'runStatefulAgentStreaming'.
app/api/orchestration/stats/route.ts(8,26): error TS2307: Cannot find module '@/lib/orchestration/agent-orchestrator' or its corresponding type declarations.
app/api/orchestration/workflows/route.ts(9,47): error TS2307: Cannot find module '@/lib/orchestration/agent-orchestrator' or its corresponding type declarations.
app/api/prompts/compare/route.ts(8,32): error TS2307: Cannot find module '@/lib/prompt-engineering/prompt-service' or its corresponding type declarations.
app/api/prompts/templates/[id]/route.ts(9,48): error TS2307: Cannot find module '@/lib/prompt-engineering/prompt-service' or its corresponding type declarations.
app/api/prompts/templates/route.ts(23,8): error TS2307: Cannot find module '@/lib/prompt-engineering/prompt-service' or its corresponding type declarations.
app/api/prompts/test/route.ts(9,44): error TS2307: Cannot find module '@/lib/prompt-engineering/prompt-service' or its corresponding type declarations.
app/api/skills/route.ts(16,31): error TS2307: Cannot find module '@/lib/skills/skills-manager' or its corresponding type declarations.
app/api/skills/route.ts(17,42): error TS2307: Cannot find module '@/lib/skills/prompt-engineering' or its corresponding type declarations.
app/desktop/settings/page.tsx(118,60): error TS2345: Argument of type 'DesktopSettings' is not assignable to parameter of type 'Record<string, unknown>'.
components/code-preview-panel.tsx(6218,45): error TS2339: Property 'writeText' does not exist on type '{ path: string; operation: "copy" | "cut"; sourcePath: string; }'.
components/code-preview-panel.tsx(6333,49): error TS2339: Property 'writeText' does not exist on type '{ path: string; operation: "copy" | "cut"; sourcePath: string; }'.
components/conversation-interface.tsx(172,89): error TS2304: Cannot find name 'AttachedVirtualFile'.
components/conversation-interface.tsx(264,56): error TS2304: Cannot find name 'AttachedVirtualFile'.
components/conversation-interface.tsx(1699,27): error TS2304: Cannot find name 'AttachedVirtualFile'.
components/conversation-interface.tsx(1701,29): error TS2304: Cannot find name 'AttachedVirtualFile'.
components/conversation-interface.tsx(1728,14): error TS2304: Cannot find name 'AttachedVirtualFile'.
components/conversation-interface.tsx(1734,32): error TS2304: Cannot find name 'AttachedVirtualFile'.
components/conversation-interface.tsx(1846,72): error TS2304: Cannot find name 'AttachedVirtualFile'.
components/plugins/orchestration-tab.tsx(339,26): error TS2304: Cannot find name 'fetchAgents'.
components/plugins/orchestration-tab.tsx(401,45): error TS2448: Block-scoped variable 'loadEvents' used before its declaration.
components/terminal/TerminalPanel.tsx(861,7): error TS2322: Type '() => Promise<string>' is not assignable to type '() => string'.
components/workspace-panel.tsx(2070,40): error TS2339: Property 'sourcePath' does not exist on type 'ClipboardAdapter'.
components/workspace-panel.tsx(2076,60): error TS2339: Property 'sourcePath' does not exist on type 'ClipboardAdapter'.
components/workspace-panel.tsx(2110,72): error TS2339: Property 'sourcePath' does not exist on type 'ClipboardAdapter'.
components/workspace-panel.tsx(2124,27): error TS2339: Property 'operation' does not exist on type 'ClipboardAdapter'.
components/workspace-panel.tsx(2128,74): error TS2339: Property 'sourcePath' does not exist on type 'ClipboardAdapter'.
components/workspace-panel.tsx(2136,45): error TS2339: Property 'operation' does not exist on type 'ClipboardAdapter'.
lib/agent-catalyst/autonomous-continuum.ts(161,11): error TS2300: Duplicate identifier 'onActivity'.
lib/agent-catalyst/autonomous-continuum.ts(162,11): error TS2300: Duplicate identifier 'onStateChange'.
lib/agent-catalyst/autonomous-continuum.ts(185,3): error TS2300: Duplicate identifier 'onActivity'.
lib/agent-catalyst/autonomous-continuum.ts(192,3): error TS2300: Duplicate identifier 'onStateChange'.
lib/agent-catalyst/autonomous-continuum.ts(213,17): error TS2341: Property 'onPrompt' is private and only accessible within class 'CatalystEngine'.
lib/agent-catalyst/autonomous-continuum.ts(213,26): error TS2345: Argument of type '() => void' is not assignable to parameter of type 'CatalystPrompt'.
lib/agent-catalyst/autonomous-continuum.ts(443,17): error TS2341: Property 'onPrompt' is private and only accessible within class 'CatalystEngine'.
lib/agent-catalyst/catalyst-engine.ts(98,11): error TS2300: Duplicate identifier 'onPrompt'.
lib/agent-catalyst/catalyst-engine.ts(99,11): error TS2300: Duplicate identifier 'onStimulus'.
lib/agent-catalyst/catalyst-engine.ts(100,11): error TS2300: Duplicate identifier 'onStateChange'.
lib/agent-catalyst/catalyst-engine.ts(123,3): error TS2300: Duplicate identifier 'onPrompt'.
lib/agent-catalyst/catalyst-engine.ts(130,3): error TS2300: Duplicate identifier 'onStimulus'.
lib/agent-catalyst/catalyst-engine.ts(137,3): error TS2300: Duplicate identifier 'onStateChange'.
lib/agent-catalyst/catalyst-engine.ts(152,19): error TS2341: Property 'onStimulus' is private and only accessible within class 'StimulusMatrix'.
lib/agent-catalyst/catalyst-engine.ts(152,30): error TS2345: Argument of type '(stimulus: any) => void' is not assignable to parameter of type 'Stimulus'.
lib/agent-catalyst/catalyst-engine.ts(157,19): error TS2341: Property 'onUpdate' is private and only accessible within class 'IdentityCore'.
lib/agent-catalyst/catalyst-engine.ts(157,28): error TS2345: Argument of type '() => void' is not assignable to parameter of type 'AgentIdentity'.
lib/agent-catalyst/catalyst-engine.ts(364,19): error TS2341: Property 'onStimulus' is private and only accessible within class 'StimulusMatrix'.
lib/agent-catalyst/catalyst-engine.ts(364,30): error TS2345: Argument of type '(stimulus: any) => void' is not assignable to parameter of type 'Stimulus'.
lib/agent-catalyst/catalyst-engine.ts(369,19): error TS2341: Property 'onFeedback' is private and only accessible within class 'FeedbackLoop'.
lib/agent-catalyst/catalyst-engine.ts(369,30): error TS2345: Argument of type '(entry: any) => void' is not assignable to parameter of type 'FeedbackEntry'.
lib/agent-catalyst/catalyst-engine.ts(374,16): error TS2341: Property 'onWorldChange' is private and only accessible within class 'WorldSimulation'.
lib/agent-catalyst/catalyst-engine.ts(374,30): error TS2345: Argument of type '() => void' is not assignable to parameter of type 'WorldState'.
lib/agent-catalyst/catalyst-engine.ts(387,17): error TS2341: Property 'onUpdate' is private and only accessible within class 'SocialOntology'.
lib/agent-catalyst/catalyst-engine.ts(387,26): error TS2345: Argument of type '() => void' is not assignable to parameter of type 'SocialOntology'.
lib/agent-catalyst/feedback-loop.ts(59,11): error TS2300: Duplicate identifier 'onFeedback'.
lib/agent-catalyst/feedback-loop.ts(60,11): error TS2300: Duplicate identifier 'onPatternLearned'.
lib/agent-catalyst/feedback-loop.ts(66,3): error TS2300: Duplicate identifier 'onFeedback'.
lib/agent-catalyst/feedback-loop.ts(70,3): error TS2300: Duplicate identifier 'onPatternLearned'.
lib/agent-catalyst/identity-core.ts(124,11): error TS2300: Duplicate identifier 'onUpdate'.
lib/agent-catalyst/identity-core.ts(160,3): error TS2300: Duplicate identifier 'onUpdate'.
lib/agent-catalyst/memory-engine.ts(58,11): error TS2300: Duplicate identifier 'onChange'.
lib/agent-catalyst/memory-engine.ts(64,3): error TS2300: Duplicate identifier 'onChange'.
lib/agent-catalyst/session-bridge.ts(51,11): error TS2300: Duplicate identifier 'onPulse'.
lib/agent-catalyst/session-bridge.ts(52,11): error TS2300: Duplicate identifier 'onStateChange'.
lib/agent-catalyst/session-bridge.ts(54,15): error TS2741: Property 'sessionId' is missing in type '{}' but required in type 'SessionConfig'.
lib/agent-catalyst/session-bridge.ts(58,3): error TS2300: Duplicate identifier 'onPulse'.
lib/agent-catalyst/session-bridge.ts(62,3): error TS2300: Duplicate identifier 'onStateChange'.
lib/agent-catalyst/social-ontology.ts(45,11): error TS2300: Duplicate identifier 'onUpdate'.
lib/agent-catalyst/social-ontology.ts(206,3): error TS2300: Duplicate identifier 'onUpdate'.
lib/agent-catalyst/stimulus-matrix.ts(110,11): error TS2300: Duplicate identifier 'onStimulus'.
lib/agent-catalyst/stimulus-matrix.ts(127,3): error TS2300: Duplicate identifier 'onStimulus'.
lib/agent-catalyst/storyline-engine.ts(44,11): error TS2300: Duplicate identifier 'onUpdate'.
lib/agent-catalyst/storyline-engine.ts(45,11): error TS2300: Duplicate identifier 'onResolution'.
lib/agent-catalyst/storyline-engine.ts(71,36): error TS2551: Property 'generateTheme' does not exist on type 'StorylineEngine'. Did you mean 'generate_theme'?
lib/agent-catalyst/storyline-engine.ts(208,3): error TS2300: Duplicate identifier 'onUpdate'.
lib/agent-catalyst/storyline-engine.ts(212,3): error TS2300: Duplicate identifier 'onResolution'.
lib/agent-catalyst/valence-pendulum.ts(46,11): error TS2300: Duplicate identifier 'onChange'.
lib/agent-catalyst/valence-pendulum.ts(61,3): error TS2300: Duplicate identifier 'onChange'.
lib/agent-catalyst/world-simulation.ts(102,11): error TS2300: Duplicate identifier 'onWorldChange'.
lib/agent-catalyst/world-simulation.ts(129,3): error TS2300: Duplicate identifier 'onWorldChange'.
lib/ai-sdk/models/model-router.ts(22,31): error TS2307: Cannot find module '@langchain/mistralai' or its corresponding type declarations.
lib/ai-sdk/models/model-router.ts(37,18): error TS2769: No overload matches this call.
lib/autonomous-agent-engine.ts(35,30): error TS2307: Cannot find module '../utils/logger' or its corresponding type declarations.
lib/autonomous-agent-engine.ts(383,5): error TS2322: Type '{ domains: AgentDomain[]; personality: { curiosity: number; assertiveness: number; cooperativeness: number; riskTolerance: number; reflectiveness: number; beliefMalleability: number; temporalOrientation: { past: number; present: number; future: number; }; }; ... 8 more ...; moltbook?: { instance?: any; autoPost?: bo...' is not assignable to type 'Required<AgentConfig>'.
lib/autonomous-agent-engine.ts(422,9): error TS2322: Type 'Partial<PersonalityParameters>' is not assignable to type 'PersonalityParameters'.
lib/autonomous-agent-engine.ts(547,85): error TS2365: Operator '<' cannot be applied to types '() => number' and 'number'.
lib/autonomous-agent-engine.ts(555,46): error TS2365: Operator '<' cannot be applied to types '() => number' and 'number'.
lib/autonomous-agent-engine.ts(559,49): error TS2362: The left-hand side of an arithmetic operation must be of type 'any', 'number', 'bigint' or an enum type.
lib/autonomous-agent-engine.ts(1023,25): error TS2551: Property 'generateGoalDescription' does not exist on type 'AutonomousAgentEngine'. Did you mean 'generateWorldDescription'?
lib/autonomous-agent-engine.ts(1077,55): error TS2362: The left-hand side of an arithmetic operation must be of type 'any', 'number', 'bigint' or an enum type.
lib/autonomous-agent-engine.ts(1091,36): error TS2362: The left-hand side of an arithmetic operation must be of type 'any', 'number', 'bigint' or an enum type.
lib/autonomous-agent-engine.ts(1113,34): error TS2362: The left-hand side of an arithmetic operation must be of type 'any', 'number', 'bigint' or an enum type.
lib/autonomous-agent-engine.ts(1115,25): error TS2362: The left-hand side of an arithmetic operation must be of type 'any', 'number', 'bigint' or an enum type.
lib/autonomous-agent-engine.ts(1135,37): error TS2362: The left-hand side of an arithmetic operation must be of type 'any', 'number', 'bigint' or an enum type.
lib/autonomous-agent-engine.ts(1153,31): error TS2362: The left-hand side of an arithmetic operation must be of type 'any', 'number', 'bigint' or an enum type.
lib/autonomous-agent-engine.ts(1164,34): error TS2362: The left-hand side of an arithmetic operation must be of type 'any', 'number', 'bigint' or an enum type.
lib/autonomous-agent-engine.ts(1207,41): error TS2362: The left-hand side of an arithmetic operation must be of type 'any', 'number', 'bigint' or an enum type.
lib/autonomous-agent-engine.ts(1241,40): error TS2362: The left-hand side of an arithmetic operation must be of type 'any', 'number', 'bigint' or an enum type.
lib/autonomous-agent-engine.ts(1392,50): error TS2362: The left-hand side of an arithmetic operation must be of type 'any', 'number', 'bigint' or an enum type.
lib/autonomous-agent-engine.ts(1398,54): error TS2362: The left-hand side of an arithmetic operation must be of type 'any', 'number', 'bigint' or an enum type.
lib/autonomous-agent-engine.ts(1431,33): error TS2362: The left-hand side of an arithmetic operation must be of type 'any', 'number', 'bigint' or an enum type.
lib/autonomous-agent-engine.ts(1449,39): error TS2362: The left-hand side of an arithmetic operation must be of type 'any', 'number', 'bigint' or an enum type.
lib/autonomous-agent-engine.ts(1487,59): error TS2362: The left-hand side of an arithmetic operation must be of type 'any', 'number', 'bigint' or an enum type.
lib/autonomous-agent-engine.ts(1496,38): error TS2362: The left-hand side of an arithmetic operation must be of type 'any', 'number', 'bigint' or an enum type.
lib/autonomous-agent-engine.ts(1498,27): error TS2365: Operator '>' cannot be applied to types '() => number' and 'number'.
lib/autonomous-agent-engine.ts(1537,54): error TS2362: The left-hand side of an arithmetic operation must be of type 'any', 'number', 'bigint' or an enum type.
lib/autonomous-agent-engine.ts(1622,36): error TS2362: The left-hand side of an arithmetic operation must be of type 'any', 'number', 'bigint' or an enum type.
lib/autonomous-agent-engine.ts(1781,109): error TS2362: The left-hand side of an arithmetic operation must be of type 'any', 'number', 'bigint' or an enum type.
lib/autonomous-agent-engine.ts(1813,11): error TS2365: Operator '<=' cannot be applied to types '() => number' and 'number'.
lib/chat/enhanced-llm-service.ts(199,11): error TS2322: Type 'string | { type: "text" | "image_url"; text?: string; image_url?: { url: string; }; }[]' is not assignable to type 'string'.
lib/chat/enhanced-llm-service.ts(507,11): error TS2322: Type 'string | { type: "text" | "image_url"; text?: string; image_url?: { url: string; }; }[]' is not assignable to type 'string'.
lib/chat/vercel-ai-tools.ts(44,7): error TS2769: No overload matches this call.
lib/chat/vercel-ai-tools.ts(49,13): error TS2353: Object literal may only specify known properties, and 'sessionId' does not exist in type 'ToolExecutionContext'.
lib/chat/vercel-ai-tools.ts(104,17): error TS2353: Object literal may only specify known properties, and 'sessionId' does not exist in type 'ToolExecutionContext'.
lib/events/handlers/bing-handlers.ts(307,42): error TS2307: Cannot find module '@/lib/skills/skills-manager' or its corresponding type declarations.
lib/mcp/vfs-mcp-tools.ts(89,3): error TS2769: No overload matches this call.
lib/mcp/vfs-mcp-tools.ts(150,3): error TS2769: No overload matches this call.
lib/mcp/vfs-mcp-tools.ts(213,3): error TS2769: No overload matches this call.
lib/mcp/vfs-mcp-tools.ts(252,3): error TS2769: No overload matches this call.
lib/mcp/vfs-mcp-tools.ts(295,3): error TS2769: No overload matches this call.
lib/mcp/vfs-mcp-tools.ts(347,3): error TS2769: No overload matches this call.
lib/mcp/vfs-mcp-tools.ts(429,3): error TS2769: No overload matches this call.
lib/mcp/vfs-mcp-tools.ts(470,3): error TS2769: No overload matches this call.
lib/mcp/vfs-mcp-tools.ts(510,3): error TS2769: No overload matches this call.
lib/moltbook-api.ts(24,30): error TS2307: Cannot find module '../utils/logger' or its corresponding type declarations.
lib/moltbook-api.ts(726,56): error TS2349: This expression is not callable.
lib/moltbook-api.ts(736,44): error TS2349: This expression is not callable.
lib/moltbook-api.ts(744,126): error TS2349: This expression is not callable.
lib/moltbook-integration.ts(30,30): error TS2307: Cannot find module '../utils/logger' or its corresponding type declarations.
lib/moltbook-integration.ts(498,12): error TS2678: Type '"peer_message"' is not comparable to type 'MoltbookPostType'.
lib/orchestra/agent-loop-wrapper.ts(144,9): error TS2353: Object literal may only specify known properties, and 'sessionId' does not exist in type 'ToolExecutionContext'.
lib/orchestra/agent-loop.ts(54,50): error TS2339: Property 'getSandbox' does not exist on type '{ createSandbox: (config: { language: string; timeout: number; }) => Promise<{ id: string; executeCommand: (cmd: string) => Promise<ToolResult>; }>; writeFile: (sandboxId: string, filePath: string, content: string) => Promise<...>; executeCommand: (sandboxId: string, command: string, opts?: { ...; }) => Promise<...>...'.
lib/orchestra/stateful-agent/agents/stateful-agent.ts(2,27): error TS2305: Module '"ai"' has no exported member 'CoreTool'.
lib/orchestra/stateful-agent/agents/stateful-agent.ts(832,11): error TS2769: No overload matches this call.
lib/orchestra/stateful-agent/agents/stateful-agent.ts(848,21): error TS2353: Object literal may only specify known properties, and 'sessionId' does not exist in type 'ToolExecutionContext'.
lib/orchestra/stateful-agent/agents/stateful-agent.ts(1379,5): error TS2353: Object literal may only specify known properties, and 'maxSteps' does not exist in type 'CallSettings & (Prompt & { model: LanguageModel; tools?: { [k: string]: CoreTool<any, any>; }; toolChoice?: ToolChoice<{ [k: string]: CoreTool<any, any>; }>; ... 23 more ...; _internal?: { ...; }; })'.
lib/orchestra/stateful-agent/agents/stateful-agent.ts(1381,48): error TS2339: Property 'textDelta' does not exist on type '{ type: "text-delta"; id: string; providerMetadata?: SharedV3ProviderMetadata; text: string; }'.
lib/orchestra/stateful-agent/agents/stateful-agent.ts(1382,34): error TS2339: Property 'textDelta' does not exist on type '{ type: "text-delta"; id: string; providerMetadata?: SharedV3ProviderMetadata; text: string; }'.
lib/orchestra/stateful-agent/tools/tool-executor-wrapper.ts(187,7): error TS2353: Object literal may only specify known properties, and 'sessionId' does not exist in type 'ToolExecutionContext'.
lib/orchestra/stateful-agent/tools/tool-executor-wrapper.ts(378,40): error TS2345: Argument of type 'SandboxHandle' is not assignable to parameter of type 'string'.
lib/orchestra/stateful-agent/tools/tool-executor.ts(5,10): error TS1205: Re-exporting a type when 'isolatedModules' is enabled requires using 'export type'.
lib/orchestra/stateful-agent/tools/tool-executor.ts(5,25): error TS1205: Re-exporting a type when 'isolatedModules' is enabled requires using 'export type'.
lib/orchestra/stateful-agent/tools/tool-executor.ts(27,20): error TS2304: Cannot find name 'ToolExecutorWrapper'.
lib/orchestra/tool-execution-helper.ts(19,3): error TS2724: '"@/lib/tools"' has no exported member named 'getToolSystem'. Did you mean 'initToolSystem'?
lib/orchestra/tool-execution-helper.ts(21,3): error TS2724: '"@/lib/tools"' has no exported member named 'hasCapability'. Did you mean 'hasToolCapability'?
lib/orchestra/tool-execution-helper.ts(66,68): error TS2345: Argument of type '{ userId?: string; sessionId?: string; workspaceId?: string; }' is not assignable to parameter of type 'ToolExecutionContext'.
lib/orchestra/tool-execution-helper.ts(68,41): error TS2339: Property 'data' does not exist on type 'ToolExecutionResult'.
lib/orchestra/unified-agent-service.ts(700,43): error TS2339: Property 'userId' does not exist on type 'UnifiedAgentConfig'.
lib/orchestra/unified-agent-service.ts(841,9): error TS2322: Type 'unknown' is not assignable to type 'string'.
lib/orchestra/unified-agent-service.ts(875,43): error TS2339: Property 'userId' does not exist on type 'UnifiedAgentConfig'.
lib/orchestra/unified-agent-service.ts(879,33): error TS2304: Cannot find name 'createCapabilityToolExecutor'.
lib/orchestra/unified-agent-service.ts(921,43): error TS2339: Property 'userId' does not exist on type 'UnifiedAgentConfig'.
lib/orchestra/unified-agent-service.ts(925,33): error TS2304: Cannot find name 'createCapabilityToolExecutor'.
lib/powers/index.ts(78,17): error TS2323: Cannot redeclare exported variable 'jsonSchemaToZod'.
lib/powers/index.ts(114,14): error TS2323: Cannot redeclare exported variable 'PowersRegistry'.
lib/powers/index.ts(301,14): error TS2323: Cannot redeclare exported variable 'powersRegistry'.
lib/powers/index.ts(319,23): error TS2323: Cannot redeclare exported variable 'executePower'.
lib/powers/index.ts(388,23): error TS2323: Cannot redeclare exported variable 'buildPowerTools'.
lib/powers/index.ts(402,9): error TS2769: No overload matches this call.
lib/powers/index.ts(413,5): error TS2769: No overload matches this call.
lib/powers/index.ts(419,5): error TS2769: No overload matches this call.
lib/powers/index.ts(433,17): error TS2323: Cannot redeclare exported variable 'buildPowersSystemPrompt'.
lib/powers/index.ts(484,10): error TS2323: Cannot redeclare exported variable 'jsonSchemaToZod'.
lib/powers/index.ts(484,10): error TS2484: Export declaration conflicts with exported declaration of 'jsonSchemaToZod'.
lib/powers/index.ts(485,10): error TS2323: Cannot redeclare exported variable 'powersRegistry'.
lib/powers/index.ts(485,10): error TS2484: Export declaration conflicts with exported declaration of 'powersRegistry'.
lib/powers/index.ts(485,26): error TS2323: Cannot redeclare exported variable 'PowersRegistry'.
lib/powers/index.ts(485,26): error TS2484: Export declaration conflicts with exported declaration of 'PowersRegistry'.
lib/powers/index.ts(486,10): error TS2323: Cannot redeclare exported variable 'executePower'.
lib/powers/index.ts(486,10): error TS2484: Export declaration conflicts with exported declaration of 'executePower'.
lib/powers/index.ts(486,24): error TS2323: Cannot redeclare exported variable 'buildPowerTools'.
lib/powers/index.ts(486,24): error TS2484: Export declaration conflicts with exported declaration of 'buildPowerTools'.
lib/powers/index.ts(486,41): error TS2323: Cannot redeclare exported variable 'buildPowersSystemPrompt'.
lib/powers/index.ts(486,41): error TS2484: Export declaration conflicts with exported declaration of 'buildPowersSystemPrompt'.
lib/powers/use-power.ts(67,75): error TS2339: Property 'json' does not exist on type 'Response | { ok: boolean; }'.
lib/powers/use-power.ts(68,84): error TS2339: Property 'json' does not exist on type 'Response | { ok: boolean; }'.
lib/powers/wasm/runner.ts(63,27): error TS2307: Cannot find module 'wasmtime' or its corresponding type declarations.
lib/puter-img-plugin.ts(5,34): error TS2307: Cannot find module '../src/config' or its corresponding type declarations.
lib/sandbox/desktop-security-policy.ts(179,23): error TS2345: Argument of type '{ command: string; riskLevel: RiskLevel; allowed: false; requiresApproval: false; workingDirectory: string; }' is not assignable to parameter of type 'AuditLogEntry'.
lib/sandbox/desktop-security-policy.ts(202,25): error TS2345: Argument of type '{ command: string; riskLevel: RiskLevel; allowed: false; requiresApproval: false; workingDirectory: string; }' is not assignable to parameter of type 'AuditLogEntry'.
lib/sandbox/desktop-security-policy.ts(244,23): error TS2345: Argument of type '{ command: string; riskLevel: RiskLevel; allowed: false; requiresApproval: false; workingDirectory: string; }' is not assignable to parameter of type 'AuditLogEntry'.
lib/sandbox/desktop-security-policy.ts(279,19): error TS2345: Argument of type '{ command: string; riskLevel: RiskLevel; allowed: true; requiresApproval: boolean; workingDirectory: string; }' is not assignable to parameter of type 'AuditLogEntry'.
lib/sandbox/security.ts(487,23): error TS2345: Argument of type '{ command: string; riskLevel: RiskLevel; allowed: false; requiresApproval: false; workingDirectory: string; }' is not assignable to parameter of type 'AuditLogEntry'.
lib/sandbox/security.ts(493,73): error TS2345: Argument of type '{ command: string; riskLevel: RiskLevel; allowed: false; requiresApproval: false; workingDirectory: string; }' is not assignable to parameter of type 'AuditLogEntry'.
lib/sandbox/security.ts(499,36): error TS2345: Argument of type '{ command: string; riskLevel: "high"; allowed: false; requiresApproval: false; workingDirectory: string; }' is not assignable to parameter of type 'AuditLogEntry'.
lib/sandbox/security.ts(508,19): error TS2345: Argument of type '{ command: string; riskLevel: RiskLevel; allowed: true; requiresApproval: boolean; workingDirectory: string; }' is not assignable to parameter of type 'AuditLogEntry'.
lib/storage/cloud-storage.ts(1,31): error TS2307: Cannot find module '../../infra/config/config/features' or its corresponding type declarations.
lib/tools/bootstrap/bootstrap-builtins.ts(248,28): error TS2339: Property 'getUserTools' does not exist on type 'typeof import("C:/Users/ceclabs/Downloads/binG/web/lib/integrations/composio/composio-adapter")'.
lib/tools/execute-capability.ts(46,7): error TS2353: Object literal may only specify known properties, and 'initialized' does not exist in type 'BootstrapResult'.
lib/tools/execute-capability.ts(98,71): error TS2345: Argument of type '{ userId?: string; sessionId?: string; workspaceId?: string; }' is not assignable to parameter of type 'ToolExecutionContext'.
lib/tools/execute-capability.ts(121,25): error TS2339: Property 'hasCapability' does not exist on type 'CapabilityRouter'.
lib/tools/skills-capabilities.ts(17,32): error TS2307: Cannot find module '@/lib/skills/skills-registry' or its corresponding type declarations.
lib/tools/skills-capabilities.ts(197,42): error TS2307: Cannot find module '@/lib/skills/skills-manager' or its corresponding type declarations.
lib/virtual-filesystem/desktop-vfs-service.ts(526,23): error TS2694: Namespace '"node:fs/promises"' has no exported member 'Dirent'.
lib/virtual-filesystem/desktop-vfs-service.ts(543,27): error TS2724: '"node:fs/promises"' has no exported member named 'Stats'. Did you mean 'stat'?
lib/virtual-filesystem/git-backed-vfs.ts(482,11): error TS2322: Type 'number | { path: string; content?: string; action: "delete" | "restore"; }[]' is not assignable to type 'number'.
lib/virtual-filesystem/git-backed-vfs.ts(490,9): error TS2322: Type 'number | { path: string; content?: string; action: "delete" | "restore"; }[]' is not assignable to type 'number'.
lib/virtual-filesystem/sync/sandbox-filesystem-sync.ts(152,12): error TS2554: Expected 1 arguments, but got 0.
lib/virtual-filesystem/sync/sandbox-filesystem-sync.ts(399,13): error TS2353: Object literal may only specify known properties, and 'deletedPaths' does not exist in type 'FilesystemUpdatedDetail'.
lib/virtual-filesystem/virtual-filesystem-service.ts(1277,14): error TS2339: Property 'emitFileChange' does not exist on type 'GitBackedVFSProxy'.
lib/virtual-filesystem/virtual-filesystem-service.ts(1278,14): error TS2551: Property 'emitSnapshotChange' does not exist on type 'GitBackedVFSProxy'. Did you mean 'onSnapshotChange'?
server.ts(131,14): error TS2339: Property 'writeHead' does not exist on type 'Duplex'.
